/*C3*/SET SCHEMA PUBLIC
drop table if exists Audit cascade 
drop table if exists Customer cascade 
SET SCHEMA PUBLIC
create table Audit (identifier integer generated by default as identity (start with 1), operation varchar(6) not null, timestamp timestamp(6) not null, registerCode varchar(11) not null unique, primary key (identifier))
create table Customer (birthdate date not null, gender varchar(1) not null, cep varchar(8) not null, cpf varchar(11) not null, email varchar(100) not null unique, name varchar(100) not null, primary key (cpf))
INSERT INTO CUSTOMER VALUES('1990-05-10','M','12345000','12345678900','joao@example.com','Jo\u00e3o da Silva')
COMMIT
INSERT INTO CUSTOMER VALUES('1985-12-01','F','65432000','98765432100','maria@example.com','Maria Oliveira')
COMMIT
INSERT INTO CUSTOMER VALUES('1978-03-22','M','78901000','11122233344','carlos@example.com','Carlos Santos')
COMMIT
SET SCHEMA PUBLIC
INSERT INTO CUSTOMER VALUES('1985-06-15','F','66060111','75986232147','paula@example.com','Paula Lima')
COMMIT
SET SCHEMA PUBLIC
INSERT INTO CUSTOMER VALUES('1985-06-15','F','66060000','75986234156','Lita@runaways.com','Lita Ford')
COMMIT
SET SCHEMA PUBLIC
DELETE FROM CUSTOMER WHERE CPF='75986234156'
INSERT INTO CUSTOMER VALUES('1970-06-15','F','03003000','75986234156','Lita@runaways.com','Lita Ford')
COMMIT
SET SCHEMA PUBLIC
drop table if exists Audit cascade 
drop table if exists Customer cascade 
SET SCHEMA PUBLIC
create table Audit (identifier integer generated by default as identity (start with 1), operation varchar(6) not null, timestamp timestamp(6) not null, registerCode varchar(11) not null unique, primary key (identifier))
create table Customer (birthdate date not null, gender varchar(1) not null, cep varchar(8) not null, cpf varchar(11) not null, email varchar(100) not null unique, name varchar(100) not null, primary key (cpf))
INSERT INTO CUSTOMER VALUES('1990-05-10','M','12345000','12345678900','joao@example.com','Jo\u00e3o da Silva')
COMMIT
INSERT INTO CUSTOMER VALUES('1985-12-01','F','65432000','98765432100','maria@example.com','Maria Oliveira')
COMMIT
INSERT INTO CUSTOMER VALUES('1978-03-22','M','78901000','11122233344','carlos@example.com','Carlos Santos')
COMMIT
SET SCHEMA PUBLIC
drop table if exists Audit cascade 
drop table if exists Customer cascade 
SET SCHEMA PUBLIC
create table Audit (identifier integer generated by default as identity (start with 1), operation varchar(6) not null, timestamp timestamp(6) not null, registerCode varchar(11) not null unique, primary key (identifier))
create table Customer (birthdate date not null, gender varchar(1) not null, cep varchar(8) not null, cpf varchar(11) not null, email varchar(100) not null unique, name varchar(100) not null, primary key (cpf))
INSERT INTO CUSTOMER VALUES('1990-05-10','M','12345000','12345678900','joao@example.com','Jo\u00e3o da Silva')
COMMIT
INSERT INTO CUSTOMER VALUES('1985-12-01','F','65432000','98765432100','maria@example.com','Maria Oliveira')
COMMIT
INSERT INTO CUSTOMER VALUES('1978-03-22','M','78901000','11122233344','carlos@example.com','Carlos Santos')
COMMIT
SET SCHEMA PUBLIC
INSERT INTO CUSTOMER VALUES('1985-06-15','F','66060000','75986234188','Lita@runaways.com','Joan Jett')
COMMIT
SET SCHEMA PUBLIC
INSERT INTO CUSTOMER VALUES('1960-06-15','M','66060000','75116234188','fred@runaways.com','Fred Mercury')
COMMIT
SET SCHEMA PUBLIC
DELETE FROM CUSTOMER WHERE CPF='11122233344'
INSERT INTO CUSTOMER VALUES('1970-06-15','F','03003000','11122233344','LitaSilva@runaways.com','Lita Ford da Silva')
COMMIT
